BEGIN
CREATE ROLE
CREATE ROLE
CREATE ROLE
CREATE SCHEMA
CREATE SCHEMA
CREATE TABLE
CREATE TABLE
CREATE TABLE
ALTER TABLE
ALTER TABLE
CREATE TABLE
ALTER TABLE
CREATE INDEX
REVOKE
GRANT
CREATE FUNCTION
REVOKE
GRANT
CREATE FUNCTION
REVOKE
DROP TRIGGER
psql:/tmp/asher-gap/sql/202609221500_crm_profile_updated_outbox.sql:70: NOTICE:  trigger "trg_crm_publish_profile_updated" for relation "core.contact" does not exist, skipping
CREATE TRIGGER
CREATE FUNCTION
REVOKE
GRANT
INSERT 0 1
INSERT 0 1
UPDATE 1
DO
CREATE FUNCTION
CREATE TRIGGER
psql:/tmp/asher-gap/tests/profile-outbox-retry.sql:25: WARNING:  CRM profile event queued for retry (SQLSTATE 23514)
UPDATE 1
DO
DROP TRIGGER
UPDATE 1
          crm_retry_profile_updates          
---------------------------------------------
 {"failed": 0, "pending": 0, "recovered": 1}
(1 row)

DO
 crm_enqueue_profile 
---------------------
 
(1 row)

DO
INSERT 0 1
UPDATE 1
DO
ROLLBACK
                                          result                                          
------------------------------------------------------------------------------------------
 PASS: standalone update, durable failure, recovery, dedupe, manual guard and permissions
(1 row)

